A log file